[themes.pixelstrap.com/fastkart/email-templete/order-success.html]
[backblue.gif]
[fade.gif]
[index.html]
[themes.pixelstrap.com/fastkart/email-templete/images/order-poster.jpg]
[themes.pixelstrap.com/fastkart/email-templete/images/favicon.png]
[themes.pixelstrap.com/fastkart/email-templete/images/order-success-poster.png]
[themes.pixelstrap.com/fastkart/email-templete/images/logo.png]
[themes.pixelstrap.com/fastkart/email-templete/images/product-4.png]
[themes.pixelstrap.com/fastkart/email-templete/images/product-5.png]
[themes.pixelstrap.com/fastkart/email-templete/images/fb.png]
[themes.pixelstrap.com/fastkart/email-templete/images/twitter.png]
[themes.pixelstrap.com/fastkart/email-templete/order-success.html]
[themes.pixelstrap.com/fastkart/email-templete/images/footer-left.svg]
[themes.pixelstrap.com/fastkart/email-templete/images/footer-right.svg]
[themes.pixelstrap.com/fastkart/email-templete/www.facebook.html]
[themes.pixelstrap.com/fastkart/email-templete/www.twitter.html]
[themes.pixelstrap.com/fastkart/email-templete/www.instagram.html]
[themes.pixelstrap.com/fastkart/email-templete/images/pinterest.png]
[themes.pixelstrap.com/fastkart/email-templete/images/insta.png]
[themes.pixelstrap.com/fastkart/email-templete/www.pinterest.html]
