[themes.pixelstrap.com/fastkart/invoice/invoice-2.html]
[backblue.gif]
[fade.gif]
[index.html]
[themes.pixelstrap.com/fastkart/invoice/assets/images/icon.png]
[themes.pixelstrap.com/fastkart/invoice/invoice-2.html]
[themes.pixelstrap.com/fastkart/invoice/assets/fonts/fa-brands-400.woff2]
[themes.pixelstrap.com/fastkart/invoice/assets/fonts/fa-brands-400.ttf]
[themes.pixelstrap.com/fastkart/invoice/assets/fonts/fa-solid-900.woff2]
[themes.pixelstrap.com/fastkart/invoice/assets/fonts/fa-solid-900.ttf]
[themes.pixelstrap.com/fastkart/invoice/assets/fonts/fa-regular-400.woff2]
[themes.pixelstrap.com/fastkart/invoice/assets/fonts/fa-regular-400.ttf]
[themes.pixelstrap.com/fastkart/invoice/assets/css/vendors/font-awesome.css]
[themes.pixelstrap.com/fastkart/invoice/assets/css/vendors/bootstrap.css]
[themes.pixelstrap.com/fastkart/invoice/assets/images/shape.png]
[themes.pixelstrap.com/fastkart/invoice/assets/css/style.css]
[themes.pixelstrap.com/fastkart/invoice/assets/images/logo.svg]
[themes.pixelstrap.com/fastkart/invoice/assets/images/shape-1.svg]
[themes.pixelstrap.com/fastkart/invoice/assets/images/shape-3.svg]
